It's a draw!
It's a draw!
It's a draw!
It's a draw!
It's a draw!
